Archive member included to satisfy reference by file (symbol)

libdrivers.a(stm32f1xx_hal.c.obj)
                              CMakeFiles/Shooter.dir/Core/Src/main.c.obj (HAL_Init)
libdrivers.a(stm32f1xx_hal_adc.c.obj)
                              CMakeFiles/Shooter.dir/Core/Src/adc.c.obj (HAL_ADC_Init)
libdrivers.a(stm32f1xx_hal_adc_ex.c.obj)
                              libdrivers.a(stm32f1xx_hal_adc.c.obj) (HAL_ADCEx_InjectedConvCpltCallback)
libdrivers.a(stm32f1xx_hal_can.c.obj)
                              CMakeFiles/Shooter.dir/Core/Src/can.c.obj (HAL_CAN_Init)
libdrivers.a(stm32f1xx_hal_cortex.c.obj)
                              libdrivers.a(stm32f1xx_hal.c.obj) (HAL_NVIC_SetPriorityGrouping)
libdrivers.a(stm32f1xx_hal_dma.c.obj)
                              libdrivers.a(stm32f1xx_hal_adc.c.obj) (HAL_DMA_Start_IT)
libdrivers.a(stm32f1xx_hal_gpio.c.obj)
                              CMakeFiles/Shooter.dir/Core/Src/adc.c.obj (HAL_GPIO_Init)
libdrivers.a(stm32f1xx_hal_i2c.c.obj)
                              CMakeFiles/Shooter.dir/Core/Src/i2c.c.obj (HAL_I2C_Init)
libdrivers.a(stm32f1xx_hal_rcc.c.obj)
                              CMakeFiles/Shooter.dir/Core/Src/main.c.obj (HAL_RCC_OscConfig)
libdrivers.a(stm32f1xx_hal_rcc_ex.c.obj)
                              CMakeFiles/Shooter.dir/Core/Src/main.c.obj (HAL_RCCEx_PeriphCLKConfig)
libdrivers.a(stm32f1xx_hal_spi.c.obj)
                              CMakeFiles/Shooter.dir/Core/Src/spi.c.obj (HAL_SPI_Init)
libdrivers.a(stm32f1xx_hal_tim.c.obj)
                              CMakeFiles/Shooter.dir/Core/Src/tim.c.obj (HAL_TIM_Base_Init)
libdrivers.a(stm32f1xx_hal_tim_ex.c.obj)
                              libdrivers.a(stm32f1xx_hal_tim.c.obj) (TIMEx_DMACommutationCplt)
d:/environment/gnu arm embedded toolchain/10 2021.10/bin/../lib/gcc/arm-none-eabi/10.3.1/../../../../arm-none-eabi/lib/thumb/v7-m/nofp\libc_nano.a(lib_a-errno.o)
                              CMakeFiles/Shooter.dir/Core/Src/syscalls.c.obj (__errno)
d:/environment/gnu arm embedded toolchain/10 2021.10/bin/../lib/gcc/arm-none-eabi/10.3.1/../../../../arm-none-eabi/lib/thumb/v7-m/nofp\libc_nano.a(lib_a-exit.o)
                              d:/environment/gnu arm embedded toolchain/10 2021.10/bin/../lib/gcc/arm-none-eabi/10.3.1/../../../../arm-none-eabi/lib/thumb/v7-m/nofp/crt0.o (exit)
d:/environment/gnu arm embedded toolchain/10 2021.10/bin/../lib/gcc/arm-none-eabi/10.3.1/../../../../arm-none-eabi/lib/thumb/v7-m/nofp\libc_nano.a(lib_a-impure.o)
                              d:/environment/gnu arm embedded toolchain/10 2021.10/bin/../lib/gcc/arm-none-eabi/10.3.1/../../../../arm-none-eabi/lib/thumb/v7-m/nofp\libc_nano.a(lib_a-exit.o) (_global_impure_ptr)
d:/environment/gnu arm embedded toolchain/10 2021.10/bin/../lib/gcc/arm-none-eabi/10.3.1/../../../../arm-none-eabi/lib/thumb/v7-m/nofp\libc_nano.a(lib_a-init.o)
                              d:/environment/gnu arm embedded toolchain/10 2021.10/bin/../lib/gcc/arm-none-eabi/10.3.1/../../../../arm-none-eabi/lib/thumb/v7-m/nofp/crt0.o (__libc_init_array)
d:/environment/gnu arm embedded toolchain/10 2021.10/bin/../lib/gcc/arm-none-eabi/10.3.1/../../../../arm-none-eabi/lib/thumb/v7-m/nofp\libc_nano.a(lib_a-memset.o)
                              d:/environment/gnu arm embedded toolchain/10 2021.10/bin/../lib/gcc/arm-none-eabi/10.3.1/../../../../arm-none-eabi/lib/thumb/v7-m/nofp/crt0.o (memset)
d:/environment/gnu arm embedded toolchain/10 2021.10/bin/../lib/gcc/arm-none-eabi/10.3.1/thumb/v7-m/nofp\libgcc.a(_arm_muldf3.o)
                              CMakeFiles/Shooter.dir/Task/myadc.c.obj (__aeabi_dmul)
d:/environment/gnu arm embedded toolchain/10 2021.10/bin/../lib/gcc/arm-none-eabi/10.3.1/thumb/v7-m/nofp\libgcc.a(_arm_mulsf3.o)
                              CMakeFiles/Shooter.dir/Task/myadc.c.obj (__aeabi_fmul)
d:/environment/gnu arm embedded toolchain/10 2021.10/bin/../lib/gcc/arm-none-eabi/10.3.1/thumb/v7-m/nofp\libgcc.a(_arm_addsubdf3.o)
                              CMakeFiles/Shooter.dir/Task/myadc.c.obj (__aeabi_dadd)
d:/environment/gnu arm embedded toolchain/10 2021.10/bin/../lib/gcc/arm-none-eabi/10.3.1/thumb/v7-m/nofp\libgcc.a(_arm_truncdfsf2.o)
                              CMakeFiles/Shooter.dir/Task/myadc.c.obj (__aeabi_d2f)
d:/environment/gnu arm embedded toolchain/10 2021.10/bin/../lib/gcc/arm-none-eabi/10.3.1/thumb/v7-m/nofp\libgcc.a(_arm_addsubsf3.o)
                              CMakeFiles/Shooter.dir/Task/myadc.c.obj (__aeabi_ui2f)
d:/environment/gnu arm embedded toolchain/10 2021.10/bin/../lib/gcc/arm-none-eabi/10.3.1/thumb/v7-m/nofp\libgcc.a(_arm_muldivsf3.o)
                              CMakeFiles/Shooter.dir/Task/myadc.c.obj (__aeabi_fdiv)

Discarded input sections

 .text          0x00000000        0x0 d:/environment/gnu arm embedded toolchain/10 2021.10/bin/../lib/gcc/arm-none-eabi/10.3.1/thumb/v7-m/nofp/crti.o
[...]
Memory Configuration

Name             Origin             Length             Attributes
RAM              0x20000000         0x00010000         xrw
FLASH            0x08000000         0x00080000         xr
*default*        0x00000000         0xffffffff

Linker script and memory map

LOAD d:/environment/gnu arm embedded toolchain/10 2021.10/bin/../lib/gcc/arm-none-eabi/10.3.1/thumb/v7-m/nofp/crti.o
LOAD d:/environment/gnu arm embedded toolchain/10 2021.10/bin/../lib/gcc/arm-none-eabi/10.3.1/thumb/v7-m/nofp/crtbegin.o
LOAD d:/environment/gnu arm embedded toolchain/10 2021.10/bin/../lib/gcc/arm-none-eabi/10.3.1/../../../../arm-none-eabi/lib/thumb/v7-m/nofp/crt0.o
START GROUP
END GROUP
START GROUP
LOAD d:/environment/gnu arm embedded toolchain/10 2021.10/bin/../lib/gcc/arm-none-eabi/10.3.1/../../../../arm-none-eabi/lib/thumb/v7-m/nofp\libstdc++_nano.a
LOAD d:/environment/gnu arm embedded toolchain/10 2021.10/bin/../lib/gcc/arm-none-eabi/10.3.1/../../../../arm-none-eabi/lib/thumb/v7-m/nofp\libsupc++_nano.a
END GROUP
LOAD CMakeFiles/Shooter.dir/Core/Src/adc.c.obj
LOAD CMakeFiles/Shooter.dir/Core/Src/can.c.obj
LOAD CMakeFiles/Shooter.dir/Core/Src/gpio.c.obj
LOAD CMakeFiles/Shooter.dir/Core/Src/i2c.c.obj
LOAD CMakeFiles/Shooter.dir/Core/Src/main.c.obj
LOAD CMakeFiles/Shooter.dir/Core/Src/spi.c.obj
LOAD CMakeFiles/Shooter.dir/Core/Src/stm32f1xx_hal_msp.c.obj
LOAD CMakeFiles/Shooter.dir/Core/Src/stm32f1xx_it.c.obj
LOAD CMakeFiles/Shooter.dir/Core/Src/syscalls.c.obj
LOAD CMakeFiles/Shooter.dir/Core/Src/sysmem.c.obj
LOAD CMakeFiles/Shooter.dir/Core/Src/system_stm32f1xx.c.obj
LOAD CMakeFiles/Shooter.dir/Core/Src/tim.c.obj
LOAD CMakeFiles/Shooter.dir/Task/myadc.c.obj
LOAD CMakeFiles/Shooter.dir/Task/mydac.c.obj
LOAD CMakeFiles/Shooter.dir/HW-Components/Third_Party/SEGGER/RTT/SEGGER_RTT_ASM_ARMv7M.S.obj
LOAD CMakeFiles/Shooter.dir/startup_stm32f103xe.s.obj
LOAD libdrivers.a
LOAD D:/desktop/RM/24/MYHERO/PneumaticHero/Shooter/Lib/hwcomponents/Third_Party/Dsp/libhwcomponents_third_party_dsp.a
LOAD D:/desktop/RM/24/MYHERO/PneumaticHero/Shooter/Lib/hwcomponents/algorithms/ahrs/libhwcomponents_algorithms_ahrs.a
LOAD D:/desktop/RM/24/MYHERO/PneumaticHero/Shooter/Lib/hwcomponents/algorithms/controller/libhwcomponents_algorithms_controller.a
LOAD D:/desktop/RM/24/MYHERO/PneumaticHero/Shooter/Lib/hwcomponents/algorithms/filter/libhwcomponents_algorithms_filter.a
LOAD D:/desktop/RM/24/MYHERO/PneumaticHero/Shooter/Lib/hwcomponents/algorithms/fsm/libhwcomponents_algorithms_fsm.a
LOAD D:/desktop/RM/24/MYHERO/PneumaticHero/Shooter/Lib/hwcomponents/algorithms/ik_solver/chassis/libhwcomponents_algorithms_ik_solver_chassis.a
LOAD D:/desktop/RM/24/MYHERO/PneumaticHero/Shooter/Lib/hwcomponents/algorithms/observer/libhwcomponents_algorithms_observer.a
LOAD D:/desktop/RM/24/MYHERO/PneumaticHero/Shooter/Lib/hwcomponents/bsp/stm32_hal/libhwcomponents_bsp_stm32_hal.a
LOAD D:/desktop/RM/24/MYHERO/PneumaticHero/Shooter/Lib/hwcomponents/bsp/tick/libhwcomponents_bsp_tick.a
LOAD D:/desktop/RM/24/MYHERO/PneumaticHero/Shooter/Lib/hwcomponents/devices/buzzer/libhwcomponents_devices_buzzer.a
LOAD D:/desktop/RM/24/MYHERO/PneumaticHero/Shooter/Lib/hwcomponents/devices/imu/libhwcomponents_devices_imu.a
LOAD D:/desktop/RM/24/MYHERO/PneumaticHero/Shooter/Lib/hwcomponents/devices/laser/libhwcomponents_devices_laser.a
LOAD D:/desktop/RM/24/MYHERO/PneumaticHero/Shooter/Lib/hwcomponents/devices/motor/libhwcomponents_devices_motor.a
LOAD D:/desktop/RM/24/MYHERO/PneumaticHero/Shooter/Lib/hwcomponents/devices/referee/libhwcomponents_devices_referee.a
LOAD D:/desktop/RM/24/MYHERO/PneumaticHero/Shooter/Lib/hwcomponents/devices/remote_control/libhwcomponents_devices_remote_control.a
LOAD D:/desktop/RM/24/MYHERO/PneumaticHero/Shooter/Lib/hwcomponents/devices/servo/libhwcomponents_devices_servo.a
LOAD D:/desktop/RM/24/MYHERO/PneumaticHero/Shooter/Lib/hwcomponents/tools/libhwcomponents_tools.a
LOAD D:/desktop/RM/24/MYHERO/PneumaticHero/Shooter/Lib/hwcomponents/Third_Party/Dsp/libhwcomponents_third_party_dsp.a
LOAD D:/desktop/RM/24/MYHERO/PneumaticHero/Shooter/Lib/hwcomponents/bsp/tick/libhwcomponents_bsp_tick.a
LOAD D:/desktop/RM/24/MYHERO/PneumaticHero/Shooter/Lib/hwcomponents/bsp/stm32_hal/libhwcomponents_bsp_stm32_hal.a
LOAD libdrivers.a
LOAD d:/environment/gnu arm embedded toolchain/10 2021.10/bin/../lib/gcc/arm-none-eabi/10.3.1/../../../../arm-none-eabi/lib/thumb/v7-m/nofp\libstdc++_nano.a
LOAD d:/environment/gnu arm embedded toolchain/10 2021.10/bin/../lib/gcc/arm-none-eabi/10.3.1/../../../../arm-none-eabi/lib/thumb/v7-m/nofp\libm.a
LOAD d:/environment/gnu arm embedded toolchain/10 2021.10/bin/../lib/gcc/arm-none-eabi/10.3.1/../../../../arm-none-eabi/lib/thumb/v7-m/nofp\libc_nano.a
START GROUP
LOAD d:/environment/gnu arm embedded toolchain/10 2021.10/bin/../lib/gcc/arm-none-eabi/10.3.1/thumb/v7-m/nofp\libgcc.a
LOAD d:/environment/gnu arm embedded toolchain/10 2021.10/bin/../lib/gcc/arm-none-eabi/10.3.1/../../../../arm-none-eabi/lib/thumb/v7-m/nofp\libg_nano.a
LOAD d:/environment/gnu arm embedded toolchain/10 2021.10/bin/../lib/gcc/arm-none-eabi/10.3.1/../../../../arm-none-eabi/lib/thumb/v7-m/nofp\libc_nano.a
END GROUP
START GROUP
LOAD d:/environment/gnu arm embedded toolchain/10 2021.10/bin/../lib/gcc/arm-none-eabi/10.3.1/thumb/v7-m/nofp\libgcc.a
LOAD d:/environment/gnu arm embedded toolchain/10 2021.10/bin/../lib/gcc/arm-none-eabi/10.3.1/../../../../arm-none-eabi/lib/thumb/v7-m/nofp\libc_nano.a
END GROUP
LOAD d:/environment/gnu arm embedded toolchain/10 2021.10/bin/../lib/gcc/arm-none-eabi/10.3.1/thumb/v7-m/nofp/crtend.o
LOAD d:/environment/gnu arm embedded toolchain/10 2021.10/bin/../lib/gcc/arm-none-eabi/10.3.1/thumb/v7-m/nofp/crtn.o
                0x20010000                _estack = (ORIGIN (RAM) + LENGTH (RAM))
                0x00000200                _Min_Heap_Size = 0x200
                0x00000400                _Min_Stack_Size = 0x400

.isr_vector     0x08000000      0x1e4
                0x08000000                . = ALIGN (0x4)
 *(.isr_vector)
 .isr_vector    0x08000000      0x1e4 CMakeFiles/Shooter.dir/startup_stm32f103xe.s.obj
                0x08000000                g_pfnVectors
                0x080001e4                . = ALIGN (0x4)

.text           0x080001e4     0x4438
                0x080001e4                . = ALIGN (0x4)
 *(.text)
 .text          0x080001e4       0x40 d:/environment/gnu arm embedded toolchain/10 2021.10/bin/../lib/gcc/arm-none-eabi/10.3.1/thumb/v7-m/nofp/crtbegin.o
 *(.text*)
 .text.MX_ADC1_Init
                0x08000224       0x7c CMakeFiles/Shooter.dir/Core/Src/adc.c.obj
                0x08000224                MX_ADC1_Init
 .text.MX_ADC2_Init
                0x080002a0       0x7c CMakeFiles/Shooter.dir/Core/Src/adc.c.obj
                0x080002a0                MX_ADC2_Init
 .text.HAL_ADC_MspInit
                0x0800031c       0xa0 CMakeFiles/Shooter.dir/Core/Src/adc.c.obj
                0x0800031c                HAL_ADC_MspInit
 .text.MX_CAN_Init
                0x080003bc       0x6c CMakeFiles/Shooter.dir/Core/Src/can.c.obj
                0x080003bc                MX_CAN_Init
 .text.HAL_CAN_MspInit
                0x08000428       0xb8 CMakeFiles/Shooter.dir/Core/Src/can.c.obj
                0x08000428                HAL_CAN_MspInit
 .text.MX_GPIO_Init
                0x080004e0      0x110 CMakeFiles/Shooter.dir/Core/Src/gpio.c.obj
                0x080004e0                MX_GPIO_Init
 .text.MX_I2C1_Init
                0x080005f0       0x5c CMakeFiles/Shooter.dir/Core/Src/i2c.c.obj
                0x080005f0                MX_I2C1_Init
 .text.HAL_I2C_MspInit
                0x0800064c       0x7c CMakeFiles/Shooter.dir/Core/Src/i2c.c.obj
                0x0800064c                HAL_I2C_MspInit
 .text.main     0x080006c8       0x2a CMakeFiles/Shooter.dir/Core/Src/main.c.obj
                0x080006c8                main
 .text.SystemClock_Config
                0x080006f2       0xba CMakeFiles/Shooter.dir/Core/Src/main.c.obj
                0x080006f2                SystemClock_Config
 .text.Error_Handler
                0x080007ac        0xa CMakeFiles/Shooter.dir/Core/Src/main.c.obj
                0x080007ac                Error_Handler
 .text.assert_failed
                0x080007b6       0x14 CMakeFiles/Shooter.dir/Core/Src/main.c.obj
                0x080007b6                assert_failed
 *fill*         0x080007ca        0x2 
 .text.MX_SPI1_Init
                0x080007cc       0x6c CMakeFiles/Shooter.dir/Core/Src/spi.c.obj
                0x080007cc                MX_SPI1_Init
 .text.HAL_SPI_MspInit
                0x08000838       0x94 CMakeFiles/Shooter.dir/Core/Src/spi.c.obj
                0x08000838                HAL_SPI_MspInit
 .text.HAL_MspInit
                0x080008cc       0x64 CMakeFiles/Shooter.dir/Core/Src/stm32f1xx_hal_msp.c.obj
                0x080008cc                HAL_MspInit
 .text.NMI_Handler
                0x08000930        0x6 CMakeFiles/Shooter.dir/Core/Src/stm32f1xx_it.c.obj
                0x08000930                NMI_Handler
 .text.HardFault_Handler
                0x08000936        0x6 CMakeFiles/Shooter.dir/Core/Src/stm32f1xx_it.c.obj
                0x08000936                HardFault_Handler
 .text.MemManage_Handler
                0x0800093c        0x6 CMakeFiles/Shooter.dir/Core/Src/stm32f1xx_it.c.obj
                0x0800093c                MemManage_Handler
 .text.BusFault_Handler
                0x08000942        0x6 CMakeFiles/Shooter.dir/Core/Src/stm32f1xx_it.c.obj
                0x08000942                BusFault_Handler
 .text.UsageFault_Handler
                0x08000948        0x6 CMakeFiles/Shooter.dir/Core/Src/stm32f1xx_it.c.obj
                0x08000948                UsageFault_Handler
 .text.SVC_Handler
                0x0800094e        0xc CMakeFiles/Shooter.dir/Core/Src/stm32f1xx_it.c.obj
                0x0800094e                SVC_Handler
 .text.DebugMon_Handler
                0x0800095a        0xc CMakeFiles/Shooter.dir/Core/Src/stm32f1xx_it.c.obj
                0x0800095a                DebugMon_Handler
 .text.PendSV_Handler
                0x08000966        0xc CMakeFiles/Shooter.dir/Core/Src/stm32f1xx_it.c.obj
                0x08000966                PendSV_Handler
 .text.SysTick_Handler
                0x08000972        0xc CMakeFiles/Shooter.dir/Core/Src/stm32f1xx_it.c.obj
                0x08000972                SysTick_Handler
 *fill*         0x0800097e        0x2 
 .text.USB_HP_CAN1_TX_IRQHandler
                0x08000980       0x14 CMakeFiles/Shooter.dir/Core/Src/stm32f1xx_it.c.obj
                0x08000980                USB_HP_CAN1_TX_IRQHandler
 .text.USB_LP_CAN1_RX0_IRQHandler
                0x08000994       0x14 CMakeFiles/Shooter.dir/Core/Src/stm32f1xx_it.c.obj
                0x08000994                USB_LP_CAN1_RX0_IRQHandler
 .text.TIM4_IRQHandler
                0x080009a8       0x14 CMakeFiles/Shooter.dir/Core/Src/stm32f1xx_it.c.obj
                0x080009a8                TIM4_IRQHandler
 .text.SystemInit
                0x080009bc        0xc CMakeFiles/Shooter.dir/Core/Src/system_stm32f1xx.c.obj
                0x080009bc                SystemInit
 .text.MX_TIM4_Init
                0x080009c8       0x9c CMakeFiles/Shooter.dir/Core/Src/tim.c.obj
                0x080009c8                MX_TIM4_Init
 .text.HAL_TIM_Base_MspInit
                0x08000a64       0x4c CMakeFiles/Shooter.dir/Core/Src/tim.c.obj
                0x08000a64                HAL_TIM_Base_MspInit
 .text.Reset_Handler
                0x08000ab0       0x48 CMakeFiles/Shooter.dir/startup_stm32f103xe.s.obj
                0x08000ab0                Reset_Handler
 .text.Default_Handler
                0x08000af8        0x2 CMakeFiles/Shooter.dir/startup_stm32f103xe.s.obj
                0x08000af8                RTC_Alarm_IRQHandler
                0x08000af8                EXTI2_IRQHandler
                0x08000af8                TIM8_TRG_COM_IRQHandler
                0x08000af8                TIM8_CC_IRQHandler
                0x08000af8                TIM1_CC_IRQHandler
                0x08000af8                TIM6_IRQHandler
                0x08000af8                PVD_IRQHandler
                0x08000af8                SDIO_IRQHandler
                0x08000af8                EXTI3_IRQHandler
                0x08000af8                EXTI0_IRQHandler
                0x08000af8                I2C2_EV_IRQHandler
                0x08000af8                ADC1_2_IRQHandler
                0x08000af8                SPI1_IRQHandler
                0x08000af8                TAMPER_IRQHandler
                0x08000af8                TIM8_UP_IRQHandler
                0x08000af8                DMA2_Channel2_IRQHandler
                0x08000af8                DMA1_Channel4_IRQHandler
                0x08000af8                USART3_IRQHandler
                0x08000af8                RTC_IRQHandler
                0x08000af8                DMA1_Channel7_IRQHandler
                0x08000af8                CAN1_RX1_IRQHandler
                0x08000af8                UART5_IRQHandler
                0x08000af8                ADC3_IRQHandler
                0x08000af8                DMA2_Channel1_IRQHandler
                0x08000af8                I2C1_EV_IRQHandler
                0x08000af8                DMA1_Channel6_IRQHandler
                0x08000af8                UART4_IRQHandler
                0x08000af8                TIM3_IRQHandler
                0x08000af8                RCC_IRQHandler
                0x08000af8                TIM1_TRG_COM_IRQHandler
                0x08000af8                DMA1_Channel1_IRQHandler
                0x08000af8                Default_Handler
                0x08000af8                EXTI15_10_IRQHandler
                0x08000af8                TIM7_IRQHandler
                0x08000af8                TIM5_IRQHandler
                0x08000af8                EXTI9_5_IRQHandler
                0x08000af8                SPI2_IRQHandler
                0x08000af8                DMA1_Channel5_IRQHandler
                0x08000af8                EXTI4_IRQHandler
                0x08000af8                DMA1_Channel3_IRQHandler
                0x08000af8                FSMC_IRQHandler
                0x08000af8                TIM1_UP_IRQHandler
                0x08000af8                WWDG_IRQHandler
                0x08000af8                TIM2_IRQHandler
                0x08000af8                TIM1_BRK_IRQHandler
                0x08000af8                EXTI1_IRQHandler
                0x08000af8                DMA2_Channel4_5_IRQHandler
                0x08000af8                USART2_IRQHandler
                0x08000af8                I2C2_ER_IRQHandler
                0x08000af8                DMA1_Channel2_IRQHandler
                0x08000af8                TIM8_BRK_IRQHandler
                0x08000af8                CAN1_SCE_IRQHandler
                0x08000af8                FLASH_IRQHandler
                0x08000af8                USART1_IRQHandler
                0x08000af8                SPI3_IRQHandler
                0x08000af8                I2C1_ER_IRQHandler
                0x08000af8                USBWakeUp_IRQHandler
                0x08000af8                DMA2_Channel3_IRQHandler
 *fill*         0x08000afa        0x2 
 .text.HAL_Init
                0x08000afc       0x2c libdrivers.a(stm32f1xx_hal.c.obj)
                0x08000afc                HAL_Init
 .text.HAL_InitTick
                0x08000b28       0x60 libdrivers.a(stm32f1xx_hal.c.obj)
                0x08000b28                HAL_InitTick
 .text.HAL_IncTick
                0x08000b88       0x24 libdrivers.a(stm32f1xx_hal.c.obj)
                0x08000b88                HAL_IncTick
 .text.HAL_GetTick
                0x08000bac       0x14 libdrivers.a(stm32f1xx_hal.c.obj)
                0x08000bac                HAL_GetTick
 .text.HAL_ADC_Init
                0x08000bc0      0x344 libdrivers.a(stm32f1xx_hal_adc.c.obj)
                0x08000bc0                HAL_ADC_Init
 .text.HAL_ADC_ConfigChannel
                0x08000f04      0x398 libdrivers.a(stm32f1xx_hal_adc.c.obj)
                0x08000f04                HAL_ADC_ConfigChannel
 .text.ADC_ConversionStop_Disable
                0x0800129c       0x82 libdrivers.a(stm32f1xx_hal_adc.c.obj)
                0x0800129c                ADC_ConversionStop_Disable
 *fill*         0x0800131e        0x2 
 .text.HAL_CAN_Init
                0x08001320      0x430 libdrivers.a(stm32f1xx_hal_can.c.obj)
                0x08001320                HAL_CAN_Init
 .text.HAL_CAN_IRQHandler
                0x08001750      0x36e libdrivers.a(stm32f1xx_hal_can.c.obj)
                0x08001750                HAL_CAN_IRQHandler
 .text.HAL_CAN_TxMailbox0CompleteCallback
                0x08001abe       0x12 libdrivers.a(stm32f1xx_hal_can.c.obj)
                0x08001abe                HAL_CAN_TxMailbox0CompleteCallback
 .text.HAL_CAN_TxMailbox1CompleteCallback
                0x08001ad0       0x12 libdrivers.a(stm32f1xx_hal_can.c.obj)
                0x08001ad0                HAL_CAN_TxMailbox1CompleteCallback
 .text.HAL_CAN_TxMailbox2CompleteCallback
                0x08001ae2       0x12 libdrivers.a(stm32f1xx_hal_can.c.obj)
                0x08001ae2                HAL_CAN_TxMailbox2CompleteCallback
 .text.HAL_CAN_TxMailbox0AbortCallback
                0x08001af4       0x12 libdrivers.a(stm32f1xx_hal_can.c.obj)
                0x08001af4                HAL_CAN_TxMailbox0AbortCallback
 .text.HAL_CAN_TxMailbox1AbortCallback
                0x08001b06       0x12 libdrivers.a(stm32f1xx_hal_can.c.obj)
                0x08001b06                HAL_CAN_TxMailbox1AbortCallback
 .text.HAL_CAN_TxMailbox2AbortCallback
                0x08001b18       0x12 libdrivers.a(stm32f1xx_hal_can.c.obj)
                0x08001b18                HAL_CAN_TxMailbox2AbortCallback
 .text.HAL_CAN_RxFifo0MsgPendingCallback
                0x08001b2a       0x12 libdrivers.a(stm32f1xx_hal_can.c.obj)
                0x08001b2a                HAL_CAN_RxFifo0MsgPendingCallback
 .text.HAL_CAN_RxFifo0FullCallback
                0x08001b3c       0x12 libdrivers.a(stm32f1xx_hal_can.c.obj)
                0x08001b3c                HAL_CAN_RxFifo0FullCallback
 .text.HAL_CAN_RxFifo1MsgPendingCallback
                0x08001b4e       0x12 libdrivers.a(stm32f1xx_hal_can.c.obj)
                0x08001b4e                HAL_CAN_RxFifo1MsgPendingCallback
 .text.HAL_CAN_RxFifo1FullCallback
                0x08001b60       0x12 libdrivers.a(stm32f1xx_hal_can.c.obj)
                0x08001b60                HAL_CAN_RxFifo1FullCallback
 .text.HAL_CAN_SleepCallback
                0x08001b72       0x12 libdrivers.a(stm32f1xx_hal_can.c.obj)
                0x08001b72                HAL_CAN_SleepCallback
 .text.HAL_CAN_WakeUpFromRxMsgCallback
                0x08001b84       0x12 libdrivers.a(stm32f1xx_hal_can.c.obj)
                0x08001b84                HAL_CAN_WakeUpFromRxMsgCallback
 .text.HAL_CAN_ErrorCallback
                0x08001b96       0x12 libdrivers.a(stm32f1xx_hal_can.c.obj)
                0x08001b96                HAL_CAN_ErrorCallback
 .text.__NVIC_SetPriorityGrouping
                0x08001ba8       0x48 libdrivers.a(stm32f1xx_hal_cortex.c.obj)
 .text.__NVIC_GetPriorityGrouping
                0x08001bf0       0x1c libdrivers.a(stm32f1xx_hal_cortex.c.obj)
 .text.__NVIC_EnableIRQ
                0x08001c0c       0x38 libdrivers.a(stm32f1xx_hal_cortex.c.obj)
 .text.__NVIC_SetPriority
                0x08001c44       0x54 libdrivers.a(stm32f1xx_hal_cortex.c.obj)
 .text.NVIC_EncodePriority
                0x08001c98       0x64 libdrivers.a(stm32f1xx_hal_cortex.c.obj)
 .text.SysTick_Config
                0x08001cfc       0x44 libdrivers.a(stm32f1xx_hal_cortex.c.obj)
 .text.HAL_NVIC_SetPriorityGrouping
                0x08001d40       0x40 libdrivers.a(stm32f1xx_hal_cortex.c.obj)
                0x08001d40                HAL_NVIC_SetPriorityGrouping
 .text.HAL_NVIC_SetPriority
                0x08001d80       0x58 libdrivers.a(stm32f1xx_hal_cortex.c.obj)
                0x08001d80                HAL_NVIC_SetPriority
 .text.HAL_NVIC_EnableIRQ
                0x08001dd8       0x30 libdrivers.a(stm32f1xx_hal_cortex.c.obj)
                0x08001dd8                HAL_NVIC_EnableIRQ
 .text.HAL_SYSTICK_Config
                0x08001e08       0x18 libdrivers.a(stm32f1xx_hal_cortex.c.obj)
                0x08001e08                HAL_SYSTICK_Config
 .text.HAL_GPIO_Init
                0x08001e20      0x528 libdrivers.a(stm32f1xx_hal_gpio.c.obj)
                0x08001e20                HAL_GPIO_Init
 .text.HAL_GPIO_WritePin
                0x08002348       0x64 libdrivers.a(stm32f1xx_hal_gpio.c.obj)
                0x08002348                HAL_GPIO_WritePin
 .text.HAL_I2C_Init
                0x080023ac      0x388 libdrivers.a(stm32f1xx_hal_i2c.c.obj)
                0x080023ac                HAL_I2C_Init
 .text.HAL_RCC_OscConfig
                0x08002734      0x6dc libdrivers.a(stm32f1xx_hal_rcc.c.obj)
                0x08002734                HAL_RCC_OscConfig
 .text.HAL_RCC_ClockConfig
                0x08002e10      0x320 libdrivers.a(stm32f1xx_hal_rcc.c.obj)
                0x08002e10                HAL_RCC_ClockConfig
 .text.HAL_RCC_GetSysClockFreq
                0x08003130       0xa8 libdrivers.a(stm32f1xx_hal_rcc.c.obj)
                0x08003130                HAL_RCC_GetSysClockFreq
 .text.HAL_RCC_GetHCLKFreq
                0x080031d8       0x14 libdrivers.a(stm32f1xx_hal_rcc.c.obj)
                0x080031d8                HAL_RCC_GetHCLKFreq
 .text.HAL_RCC_GetPCLK1Freq
                0x080031ec       0x28 libdrivers.a(stm32f1xx_hal_rcc.c.obj)
                0x080031ec                HAL_RCC_GetPCLK1Freq
 .text.RCC_Delay
                0x08003214       0x3c libdrivers.a(stm32f1xx_hal_rcc.c.obj)
 .text.HAL_RCCEx_PeriphCLKConfig
                0x08003250      0x22c libdrivers.a(stm32f1xx_hal_rcc_ex.c.obj)
                0x08003250                HAL_RCCEx_PeriphCLKConfig
 .text.HAL_SPI_Init
                0x0800347c      0x30c libdrivers.a(stm32f1xx_hal_spi.c.obj)
                0x0800347c                HAL_SPI_Init
 .text.HAL_TIM_Base_Init
                0x08003788      0x1a8 libdrivers.a(stm32f1xx_hal_tim.c.obj)
                0x08003788                HAL_TIM_Base_Init
 .text.HAL_TIM_IRQHandler
                0x08003930      0x210 libdrivers.a(stm32f1xx_hal_tim.c.obj)
                0x08003930                HAL_TIM_IRQHandler
 .text.HAL_TIM_ConfigClockSource
                0x08003b40      0x62c libdrivers.a(stm32f1xx_hal_tim.c.obj)
                0x08003b40                HAL_TIM_ConfigClockSource
 .text.HAL_TIM_PeriodElapsedCallback
                0x0800416c       0x12 libdrivers.a(stm32f1xx_hal_tim.c.obj)
                0x0800416c                HAL_TIM_PeriodElapsedCallback
 .text.HAL_TIM_OC_DelayElapsedCallback
                0x0800417e       0x12 libdrivers.a(stm32f1xx_hal_tim.c.obj)
                0x0800417e                HAL_TIM_OC_DelayElapsedCallback
 .text.HAL_TIM_IC_CaptureCallback
                0x08004190       0x12 libdrivers.a(stm32f1xx_hal_tim.c.obj)
                0x08004190                HAL_TIM_IC_CaptureCallback
 .text.HAL_TIM_PWM_PulseFinishedCallback
                0x080041a2       0x12 libdrivers.a(stm32f1xx_hal_tim.c.obj)
                0x080041a2                HAL_TIM_PWM_PulseFinishedCallback
 .text.HAL_TIM_TriggerCallback
                0x080041b4       0x12 libdrivers.a(stm32f1xx_hal_tim.c.obj)
                0x080041b4                HAL_TIM_TriggerCallback
 *fill*         0x080041c6        0x2 
 .text.TIM_Base_SetConfig
                0x080041c8       0xf4 libdrivers.a(stm32f1xx_hal_tim.c.obj)
                0x080041c8                TIM_Base_SetConfig
 .text.TIM_TI1_ConfigInputStage
                0x080042bc       0x5c libdrivers.a(stm32f1xx_hal_tim.c.obj)
 .text.TIM_TI2_ConfigInputStage
                0x08004318       0x5e libdrivers.a(stm32f1xx_hal_tim.c.obj)
 .text.TIM_ITRx_SetConfig
                0x08004376       0x34 libdrivers.a(stm32f1xx_hal_tim.c.obj)
 .text.TIM_ETR_SetConfig
                0x080043aa       0x3e libdrivers.a(stm32f1xx_hal_tim.c.obj)
                0x080043aa                TIM_ETR_SetConfig
 .text.HAL_TIMEx_MasterConfigSynchronization
                0x080043e8      0x1a0 libdrivers.a(stm32f1xx_hal_tim_ex.c.obj)
                0x080043e8                HAL_TIMEx_MasterConfigSynchronization
 .text.HAL_TIMEx_CommutCallback
                0x08004588       0x12 libdrivers.a(stm32f1xx_hal_tim_ex.c.obj)
                0x08004588                HAL_TIMEx_CommutCallback
 .text.HAL_TIMEx_BreakCallback
                0x0800459a       0x12 libdrivers.a(stm32f1xx_hal_tim_ex.c.obj)
                0x0800459a                HAL_TIMEx_BreakCallback
 .text.__libc_init_array
                0x080045ac       0x48 d:/environment/gnu arm embedded toolchain/10 2021.10/bin/../lib/gcc/arm-none-eabi/10.3.1/../../../../arm-none-eabi/lib/thumb/v7-m/nofp\libc_nano.a(lib_a-init.o)
                0x080045ac                __libc_init_array
 .text.memset   0x080045f4       0x10 d:/environment/gnu arm embedded toolchain/10 2021.10/bin/../lib/gcc/arm-none-eabi/10.3.1/../../../../arm-none-eabi/lib/thumb/v7-m/nofp\libc_nano.a(lib_a-memset.o)
                0x080045f4                memset
 *(.glue_7)
 .glue_7        0x08004604        0x0 linker stubs
 *(.glue_7t)
 .glue_7t       0x08004604        0x0 linker stubs
 *(.eh_frame)
 .eh_frame      0x08004604        0x0 d:/environment/gnu arm embedded toolchain/10 2021.10/bin/../lib/gcc/arm-none-eabi/10.3.1/thumb/v7-m/nofp/crtbegin.o
 *(.init)
 .init          0x08004604        0x4 d:/environment/gnu arm embedded toolchain/10 2021.10/bin/../lib/gcc/arm-none-eabi/10.3.1/thumb/v7-m/nofp/crti.o
                0x08004604                _init
 .init          0x08004608        0x8 d:/environment/gnu arm embedded toolchain/10 2021.10/bin/../lib/gcc/arm-none-eabi/10.3.1/thumb/v7-m/nofp/crtn.o
 *(.fini)
 .fini          0x08004610        0x4 d:/environment/gnu arm embedded toolchain/10 2021.10/bin/../lib/gcc/arm-none-eabi/10.3.1/thumb/v7-m/nofp/crti.o
                0x08004610                _fini
 .fini          0x08004614        0x8 d:/environment/gnu arm embedded toolchain/10 2021.10/bin/../lib/gcc/arm-none-eabi/10.3.1/thumb/v7-m/nofp/crtn.o
                0x0800461c                . = ALIGN (0x4)
                0x0800461c                _etext = .

.vfp11_veneer   0x0800461c        0x0
 .vfp11_veneer  0x0800461c        0x0 linker stubs

.v4_bx          0x0800461c        0x0
 .v4_bx         0x0800461c        0x0 linker stubs

.iplt           0x0800461c        0x0
 .iplt          0x0800461c        0x0 d:/environment/gnu arm embedded toolchain/10 2021.10/bin/../lib/gcc/arm-none-eabi/10.3.1/thumb/v7-m/nofp/crtbegin.o

.rodata         0x0800461c      0x420
                0x0800461c                . = ALIGN (0x4)
 *(.rodata)
 .rodata        0x0800461c       0x63 libdrivers.a(stm32f1xx_hal_adc.c.obj)
 *fill*         0x0800467f        0x1 
 .rodata        0x08004680       0x63 libdrivers.a(stm32f1xx_hal_can.c.obj)
 *fill*         0x080046e3        0x1 
 .rodata        0x080046e4       0x66 libdrivers.a(stm32f1xx_hal_cortex.c.obj)
 *fill*         0x0800474a        0x2 
 .rodata        0x0800474c       0x64 libdrivers.a(stm32f1xx_hal_gpio.c.obj)
 .rodata        0x080047b0       0x63 libdrivers.a(stm32f1xx_hal_i2c.c.obj)
 *fill*         0x08004813        0x1 
 .rodata        0x08004814       0x63 libdrivers.a(stm32f1xx_hal_rcc.c.obj)
 *fill*         0x08004877        0x1 
 .rodata        0x08004878       0x66 libdrivers.a(stm32f1xx_hal_rcc_ex.c.obj)
 *fill*         0x080048de        0x2 
 .rodata        0x080048e0       0x63 libdrivers.a(stm32f1xx_hal_spi.c.obj)
 *fill*         0x08004943        0x1 
 .rodata        0x08004944       0x63 libdrivers.a(stm32f1xx_hal_tim.c.obj)
 *fill*         0x080049a7        0x1 
 .rodata        0x080049a8       0x66 libdrivers.a(stm32f1xx_hal_tim_ex.c.obj)
 *(.rodata*)
 *fill*         0x08004a0e        0x2 
 .rodata.AHBPrescTable
                0x08004a10       0x10 CMakeFiles/Shooter.dir/Core/Src/system_stm32f1xx.c.obj
                0x08004a10                AHBPrescTable
 .rodata.APBPrescTable
                0x08004a20        0x8 CMakeFiles/Shooter.dir/Core/Src/system_stm32f1xx.c.obj
                0x08004a20                APBPrescTable
 .rodata.aPLLMULFactorTable.1
                0x08004a28       0x10 libdrivers.a(stm32f1xx_hal_rcc.c.obj)
 .rodata.aPredivFactorTable.0
                0x08004a38        0x2 libdrivers.a(stm32f1xx_hal_rcc.c.obj)
                0x08004a3c                . = ALIGN (0x4)
 *fill*         0x08004a3a        0x2 

.rel.dyn        0x08004a3c        0x0
 .rel.iplt      0x08004a3c        0x0 d:/environment/gnu arm embedded toolchain/10 2021.10/bin/../lib/gcc/arm-none-eabi/10.3.1/thumb/v7-m/nofp/crtbegin.o

.ARM.extab
 *(.ARM.extab* .gnu.linkonce.armextab.*)

.ARM            0x08004a3c        0x0
                0x08004a3c                __exidx_start = .
 *(.ARM.exidx*)
                0x08004a3c                __exidx_end = .

.preinit_array  0x08004a3c        0x0
                0x08004a3c                PROVIDE (__preinit_array_start = .)
 *(.preinit_array*)
                0x08004a3c                PROVIDE (__preinit_array_end = .)

.init_array     0x08004a3c        0x4
                0x08004a3c                PROVIDE (__init_array_start = .)
 *(SORT_BY_NAME(.init_array.*))
 *(.init_array*)
 .init_array    0x08004a3c        0x4 d:/environment/gnu arm embedded toolchain/10 2021.10/bin/../lib/gcc/arm-none-eabi/10.3.1/thumb/v7-m/nofp/crtbegin.o
                0x08004a40                PROVIDE (__init_array_end = .)

.fini_array     0x08004a40        0x4
                [!provide]                PROVIDE (__fini_array_start = .)
 *(SORT_BY_NAME(.fini_array.*))
 *(.fini_array*)
 .fini_array    0x08004a40        0x4 d:/environment/gnu arm embedded toolchain/10 2021.10/bin/../lib/gcc/arm-none-eabi/10.3.1/thumb/v7-m/nofp/crtbegin.o
                [!provide]                PROVIDE (__fini_array_end = .)
                0x08004a44                _sidata = LOADADDR (.data)

.data           0x20000000        0xc load address 0x08004a44
                0x20000000                . = ALIGN (0x4)
                0x20000000                _sdata = .
 *(.data)
 *(.data*)
 .data.SystemCoreClock
                0x20000000        0x4 CMakeFiles/Shooter.dir/Core/Src/system_stm32f1xx.c.obj
                0x20000000                SystemCoreClock
 .data.uwTickPrio
                0x20000004        0x4 libdrivers.a(stm32f1xx_hal.c.obj)
                0x20000004                uwTickPrio
 .data.uwTickFreq
                0x20000008        0x1 libdrivers.a(stm32f1xx_hal.c.obj)
                0x20000008                uwTickFreq
                0x2000000c                . = ALIGN (0x4)
 *fill*         0x20000009        0x3 
                0x2000000c                _edata = .

.igot.plt       0x2000000c        0x0 load address 0x08004a50
 .igot.plt      0x2000000c        0x0 d:/environment/gnu arm embedded toolchain/10 2021.10/bin/../lib/gcc/arm-none-eabi/10.3.1/thumb/v7-m/nofp/crtbegin.o
                0x2000000c                . = ALIGN (0x4)

.bss            0x2000000c      0x19c load address 0x08004a50
                0x2000000c                _sbss = .
                0x2000000c                __bss_start__ = _sbss
 *(.bss)
 .bss           0x2000000c       0x1c d:/environment/gnu arm embedded toolchain/10 2021.10/bin/../lib/gcc/arm-none-eabi/10.3.1/thumb/v7-m/nofp/crtbegin.o
 *(.bss*)
 .bss.hadc1     0x20000028       0x30 CMakeFiles/Shooter.dir/Core/Src/adc.c.obj
                0x20000028                hadc1
 .bss.hadc2     0x20000058       0x30 CMakeFiles/Shooter.dir/Core/Src/adc.c.obj
                0x20000058                hadc2
 .bss.hcan      0x20000088       0x28 CMakeFiles/Shooter.dir/Core/Src/can.c.obj
                0x20000088                hcan
 .bss.hi2c1     0x200000b0       0x54 CMakeFiles/Shooter.dir/Core/Src/i2c.c.obj
                0x200000b0                hi2c1
 .bss.hspi1     0x20000104       0x58 CMakeFiles/Shooter.dir/Core/Src/spi.c.obj
                0x20000104                hspi1
 .bss.htim4     0x2000015c       0x48 CMakeFiles/Shooter.dir/Core/Src/tim.c.obj
                0x2000015c                htim4
 .bss.uwTick    0x200001a4        0x4 libdrivers.a(stm32f1xx_hal.c.obj)
                0x200001a4                uwTick
 *(COMMON)
                0x200001a8                . = ALIGN (0x4)
                0x200001a8                _ebss = .
                0x200001a8                __bss_end__ = _ebss

._user_heap_stack
                0x200001a8      0x600 load address 0x08004a50
                0x200001a8                . = ALIGN (0x8)
                [!provide]                PROVIDE (end = .)
                0x200001a8                PROVIDE (_end = .)
                0x200003a8                . = (. + _Min_Heap_Size)
 *fill*         0x200001a8      0x200 
                0x200007a8                . = (. + _Min_Stack_Size)
 *fill*         0x200003a8      0x400 
                0x200007a8                . = ALIGN (0x8)

/DISCARD/
 libc.a(*)
 libm.a(*)
 libgcc.a(*)

.ARM.attributes
                0x00000000       0x29
 *(.ARM.attributes)
 .ARM.attributes
                0x00000000       0x1d d:/environment/gnu arm embedded toolchain/10 2021.10/bin/../lib/gcc/arm-none-eabi/10.3.1/thumb/v7-m/nofp/crti.o
 .ARM.attributes
                0x0000001d       0x2d d:/environment/gnu arm embedded toolchain/10 2021.10/bin/../lib/gcc/arm-none-eabi/10.3.1/thumb/v7-m/nofp/crtbegin.o
 .ARM.attributes
                0x0000004a       0x2d CMakeFiles/Shooter.dir/Core/Src/adc.c.obj
 .ARM.attributes
                0x00000077       0x2d CMakeFiles/Shooter.dir/Core/Src/can.c.obj
 .ARM.attributes
                0x000000a4       0x2d CMakeFiles/Shooter.dir/Core/Src/gpio.c.obj
 .ARM.attributes
                0x000000d1       0x2d CMakeFiles/Shooter.dir/Core/Src/i2c.c.obj
 .ARM.attributes
                0x000000fe       0x2d CMakeFiles/Shooter.dir/Core/Src/main.c.obj
 .ARM.attributes
                0x0000012b       0x2d CMakeFiles/Shooter.dir/Core/Src/spi.c.obj
 .ARM.attributes
                0x00000158       0x2d CMakeFiles/Shooter.dir/Core/Src/stm32f1xx_hal_msp.c.obj
 .ARM.attributes
                0x00000185       0x2d CMakeFiles/Shooter.dir/Core/Src/stm32f1xx_it.c.obj
 .ARM.attributes
                0x000001b2       0x2d CMakeFiles/Shooter.dir/Core/Src/system_stm32f1xx.c.obj
 .ARM.attributes
                0x000001df       0x2d CMakeFiles/Shooter.dir/Core/Src/tim.c.obj
 .ARM.attributes
                0x0000020c       0x21 CMakeFiles/Shooter.dir/startup_stm32f103xe.s.obj
 .ARM.attributes
                0x0000022d       0x2d libdrivers.a(stm32f1xx_hal.c.obj)
 .ARM.attributes
                0x0000025a       0x2d libdrivers.a(stm32f1xx_hal_adc.c.obj)
 .ARM.attributes
                0x00000287       0x2d libdrivers.a(stm32f1xx_hal_can.c.obj)
 .ARM.attributes
                0x000002b4       0x2d libdrivers.a(stm32f1xx_hal_cortex.c.obj)
 .ARM.attributes
                0x000002e1       0x2d libdrivers.a(stm32f1xx_hal_gpio.c.obj)
 .ARM.attributes
                0x0000030e       0x2d libdrivers.a(stm32f1xx_hal_i2c.c.obj)
 .ARM.attributes
                0x0000033b       0x2d libdrivers.a(stm32f1xx_hal_rcc.c.obj)
 .ARM.attributes
                0x00000368       0x2d libdrivers.a(stm32f1xx_hal_rcc_ex.c.obj)
 .ARM.attributes
                0x00000395       0x2d libdrivers.a(stm32f1xx_hal_spi.c.obj)
 .ARM.attributes
                0x000003c2       0x2d libdrivers.a(stm32f1xx_hal_tim.c.obj)
 .ARM.attributes
                0x000003ef       0x2d libdrivers.a(stm32f1xx_hal_tim_ex.c.obj)
 .ARM.attributes
                0x0000041c       0x2d d:/environment/gnu arm embedded toolchain/10 2021.10/bin/../lib/gcc/arm-none-eabi/10.3.1/../../../../arm-none-eabi/lib/thumb/v7-m/nofp\libc_nano.a(lib_a-init.o)
 .ARM.attributes
                0x00000449       0x2d d:/environment/gnu arm embedded toolchain/10 2021.10/bin/../lib/gcc/arm-none-eabi/10.3.1/../../../../arm-none-eabi/lib/thumb/v7-m/nofp\libc_nano.a(lib_a-memset.o)
 .ARM.attributes
                0x00000476       0x1d d:/environment/gnu arm embedded toolchain/10 2021.10/bin/../lib/gcc/arm-none-eabi/10.3.1/thumb/v7-m/nofp/crtn.o
OUTPUT(D:\desktop\RM\24\MYHERO\PneumaticHero\Shooter\build\Shooter.elf elf32-littlearm)
LOAD linker stubs
LOAD d:/environment/gnu arm embedded toolchain/10 2021.10/bin/../lib/gcc/arm-none-eabi/10.3.1/../../../../arm-none-eabi/lib/thumb/v7-m/nofp\libc.a
LOAD d:/environment/gnu arm embedded toolchain/10 2021.10/bin/../lib/gcc/arm-none-eabi/10.3.1/../../../../arm-none-eabi/lib/thumb/v7-m/nofp\libm.a
LOAD d:/environment/gnu arm embedded toolchain/10 2021.10/bin/../lib/gcc/arm-none-eabi/10.3.1/thumb/v7-m/nofp\libgcc.a

.debug_info     0x00000000     0xfdbb
 .debug_info    0x00000000      0x7fa CMakeFiles/Shooter.dir/Core/Src/adc.c.obj
 .debug_info    0x000007fa      0x899 CMakeFiles/Shooter.dir/Core/Src/can.c.obj
 .debug_info    0x00001093      0x2c0 CMakeFiles/Shooter.dir/Core/Src/gpio.c.obj
 .debug_info    0x00001353      0x7fb CMakeFiles/Shooter.dir/Core/Src/i2c.c.obj
 .debug_info    0x00001b4e      0x314 CMakeFiles/Shooter.dir/Core/Src/main.c.obj
 .debug_info    0x00001e62      0x7d8 CMakeFiles/Shooter.dir/Core/Src/spi.c.obj
 .debug_info    0x0000263a      0x210 CMakeFiles/Shooter.dir/Core/Src/stm32f1xx_hal_msp.c.obj
 .debug_info    0x0000284a      0xaec CMakeFiles/Shooter.dir/Core/Src/stm32f1xx_it.c.obj
 .debug_info    0x00003336      0x23d CMakeFiles/Shooter.dir/Core/Src/system_stm32f1xx.c.obj
 .debug_info    0x00003573      0x9b4 CMakeFiles/Shooter.dir/Core/Src/tim.c.obj
 .debug_info    0x00003f27       0x22 CMakeFiles/Shooter.dir/startup_stm32f103xe.s.obj
 .debug_info    0x00003f49      0x75f libdrivers.a(stm32f1xx_hal.c.obj)
 .debug_info    0x000046a8      0xc8a libdrivers.a(stm32f1xx_hal_adc.c.obj)
 .debug_info    0x00005332      0xfea libdrivers.a(stm32f1xx_hal_can.c.obj)
 .debug_info    0x0000631c      0xb86 libdrivers.a(stm32f1xx_hal_cortex.c.obj)
 .debug_info    0x00006ea2      0x62d libdrivers.a(stm32f1xx_hal_gpio.c.obj)
 .debug_info    0x000074cf     0x26f3 libdrivers.a(stm32f1xx_hal_i2c.c.obj)
 .debug_info    0x00009bc2      0x81e libdrivers.a(stm32f1xx_hal_rcc.c.obj)
 .debug_info    0x0000a3e0      0x3e8 libdrivers.a(stm32f1xx_hal_rcc_ex.c.obj)
 .debug_info    0x0000a7c8     0x160a libdrivers.a(stm32f1xx_hal_spi.c.obj)
 .debug_info    0x0000bdd2     0x2b3e libdrivers.a(stm32f1xx_hal_tim.c.obj)
 .debug_info    0x0000e910     0x14ab libdrivers.a(stm32f1xx_hal_tim_ex.c.obj)

.debug_abbrev   0x00000000     0x2552
 .debug_abbrev  0x00000000      0x18f CMakeFiles/Shooter.dir/Core/Src/adc.c.obj
 .debug_abbrev  0x0000018f      0x1c4 CMakeFiles/Shooter.dir/Core/Src/can.c.obj
 .debug_abbrev  0x00000353      0x10f CMakeFiles/Shooter.dir/Core/Src/gpio.c.obj
 .debug_abbrev  0x00000462      0x18f CMakeFiles/Shooter.dir/Core/Src/i2c.c.obj
 .debug_abbrev  0x000005f1      0x159 CMakeFiles/Shooter.dir/Core/Src/main.c.obj
 .debug_abbrev  0x0000074a      0x18f CMakeFiles/Shooter.dir/Core/Src/spi.c.obj
 .debug_abbrev  0x000008d9       0xd4 CMakeFiles/Shooter.dir/Core/Src/stm32f1xx_hal_msp.c.obj
 .debug_abbrev  0x000009ad      0x19e CMakeFiles/Shooter.dir/Core/Src/stm32f1xx_it.c.obj
 .debug_abbrev  0x00000b4b      0x13b CMakeFiles/Shooter.dir/Core/Src/system_stm32f1xx.c.obj
 .debug_abbrev  0x00000c86      0x1a1 CMakeFiles/Shooter.dir/Core/Src/tim.c.obj
 .debug_abbrev  0x00000e27       0x12 CMakeFiles/Shooter.dir/startup_stm32f103xe.s.obj
 .debug_abbrev  0x00000e39      0x1c8 libdrivers.a(stm32f1xx_hal.c.obj)
 .debug_abbrev  0x00001001      0x1cf libdrivers.a(stm32f1xx_hal_adc.c.obj)
 .debug_abbrev  0x000011d0      0x22f libdrivers.a(stm32f1xx_hal_can.c.obj)
 .debug_abbrev  0x000013ff      0x2d1 libdrivers.a(stm32f1xx_hal_cortex.c.obj)
 .debug_abbrev  0x000016d0      0x1bb libdrivers.a(stm32f1xx_hal_gpio.c.obj)
 .debug_abbrev  0x0000188b      0x25c libdrivers.a(stm32f1xx_hal_i2c.c.obj)
 .debug_abbrev  0x00001ae7      0x244 libdrivers.a(stm32f1xx_hal_rcc.c.obj)
 .debug_abbrev  0x00001d2b      0x16d libdrivers.a(stm32f1xx_hal_rcc_ex.c.obj)
 .debug_abbrev  0x00001e98      0x242 libdrivers.a(stm32f1xx_hal_spi.c.obj)
 .debug_abbrev  0x000020da      0x238 libdrivers.a(stm32f1xx_hal_tim.c.obj)
 .debug_abbrev  0x00002312      0x240 libdrivers.a(stm32f1xx_hal_tim_ex.c.obj)

.debug_aranges  0x00000000     0x1108
 .debug_aranges
                0x00000000       0x38 CMakeFiles/Shooter.dir/Core/Src/adc.c.obj
 .debug_aranges
                0x00000038       0x30 CMakeFiles/Shooter.dir/Core/Src/can.c.obj
 .debug_aranges
                0x00000068       0x20 CMakeFiles/Shooter.dir/Core/Src/gpio.c.obj
 .debug_aranges
                0x00000088       0x30 CMakeFiles/Shooter.dir/Core/Src/i2c.c.obj
 .debug_aranges
                0x000000b8       0x38 CMakeFiles/Shooter.dir/Core/Src/main.c.obj
 .debug_aranges
                0x000000f0       0x30 CMakeFiles/Shooter.dir/Core/Src/spi.c.obj
 .debug_aranges
                0x00000120       0x20 CMakeFiles/Shooter.dir/Core/Src/stm32f1xx_hal_msp.c.obj
 .debug_aranges
                0x00000140       0x78 CMakeFiles/Shooter.dir/Core/Src/stm32f1xx_it.c.obj
 .debug_aranges
                0x000001b8       0x28 CMakeFiles/Shooter.dir/Core/Src/system_stm32f1xx.c.obj
 .debug_aranges
                0x000001e0       0x30 CMakeFiles/Shooter.dir/Core/Src/tim.c.obj
 .debug_aranges
                0x00000210       0x28 CMakeFiles/Shooter.dir/startup_stm32f103xe.s.obj
 .debug_aranges
                0x00000238       0xe0 libdrivers.a(stm32f1xx_hal.c.obj)
 .debug_aranges
                0x00000318       0xf0 libdrivers.a(stm32f1xx_hal_adc.c.obj)
 .debug_aranges
                0x00000408      0x138 libdrivers.a(stm32f1xx_hal_can.c.obj)
 .debug_aranges
                0x00000540      0x100 libdrivers.a(stm32f1xx_hal_cortex.c.obj)
 .debug_aranges
                0x00000640       0x58 libdrivers.a(stm32f1xx_hal_gpio.c.obj)
 .debug_aranges
                0x00000698      0x2a8 libdrivers.a(stm32f1xx_hal_i2c.c.obj)
 .debug_aranges
                0x00000940       0x90 libdrivers.a(stm32f1xx_hal_rcc.c.obj)
 .debug_aranges
                0x000009d0       0x30 libdrivers.a(stm32f1xx_hal_rcc_ex.c.obj)
 .debug_aranges
                0x00000a00      0x1d0 libdrivers.a(stm32f1xx_hal_spi.c.obj)
 .debug_aranges
                0x00000bd0      0x3d0 libdrivers.a(stm32f1xx_hal_tim.c.obj)
 .debug_aranges
                0x00000fa0      0x168 libdrivers.a(stm32f1xx_hal_tim_ex.c.obj)

.debug_ranges   0x00000000      0xfc8
 .debug_ranges  0x00000000       0x28 CMakeFiles/Shooter.dir/Core/Src/adc.c.obj
 .debug_ranges  0x00000028       0x20 CMakeFiles/Shooter.dir/Core/Src/can.c.obj
 .debug_ranges  0x00000048       0x10 CMakeFiles/Shooter.dir/Core/Src/gpio.c.obj
 .debug_ranges  0x00000058       0x20 CMakeFiles/Shooter.dir/Core/Src/i2c.c.obj
 .debug_ranges  0x00000078       0x28 CMakeFiles/Shooter.dir/Core/Src/main.c.obj
 .debug_ranges  0x000000a0       0x20 CMakeFiles/Shooter.dir/Core/Src/spi.c.obj
 .debug_ranges  0x000000c0       0x10 CMakeFiles/Shooter.dir/Core/Src/stm32f1xx_hal_msp.c.obj
 .debug_ranges  0x000000d0       0x68 CMakeFiles/Shooter.dir/Core/Src/stm32f1xx_it.c.obj
 .debug_ranges  0x00000138       0x18 CMakeFiles/Shooter.dir/Core/Src/system_stm32f1xx.c.obj
 .debug_ranges  0x00000150       0x20 CMakeFiles/Shooter.dir/Core/Src/tim.c.obj
 .debug_ranges  0x00000170       0x20 CMakeFiles/Shooter.dir/startup_stm32f103xe.s.obj
 .debug_ranges  0x00000190       0xd0 libdrivers.a(stm32f1xx_hal.c.obj)
 .debug_ranges  0x00000260       0xe0 libdrivers.a(stm32f1xx_hal_adc.c.obj)
 .debug_ranges  0x00000340      0x128 libdrivers.a(stm32f1xx_hal_can.c.obj)
 .debug_ranges  0x00000468       0xf0 libdrivers.a(stm32f1xx_hal_cortex.c.obj)
 .debug_ranges  0x00000558       0x48 libdrivers.a(stm32f1xx_hal_gpio.c.obj)
 .debug_ranges  0x000005a0      0x2b0 libdrivers.a(stm32f1xx_hal_i2c.c.obj)
 .debug_ranges  0x00000850       0x80 libdrivers.a(stm32f1xx_hal_rcc.c.obj)
 .debug_ranges  0x000008d0       0x20 libdrivers.a(stm32f1xx_hal_rcc_ex.c.obj)
 .debug_ranges  0x000008f0      0x1c0 libdrivers.a(stm32f1xx_hal_spi.c.obj)
 .debug_ranges  0x00000ab0      0x3c0 libdrivers.a(stm32f1xx_hal_tim.c.obj)
 .debug_ranges  0x00000e70      0x158 libdrivers.a(stm32f1xx_hal_tim_ex.c.obj)

.debug_macro    0x00000000    0x1ac25
 .debug_macro   0x00000000      0x1e4 CMakeFiles/Shooter.dir/Core/Src/adc.c.obj
 .debug_macro   0x000001e4      0xa72 CMakeFiles/Shooter.dir/Core/Src/adc.c.obj
 .debug_macro   0x00000c56      0x234 CMakeFiles/Shooter.dir/Core/Src/adc.c.obj
 .debug_macro   0x00000e8a       0x2e CMakeFiles/Shooter.dir/Core/Src/adc.c.obj
 .debug_macro   0x00000eb8       0x22 CMakeFiles/Shooter.dir/Core/Src/adc.c.obj
 .debug_macro   0x00000eda       0x22 CMakeFiles/Shooter.dir/Core/Src/adc.c.obj
 .debug_macro   0x00000efc       0x8e CMakeFiles/Shooter.dir/Core/Src/adc.c.obj
 .debug_macro   0x00000f8a       0x51 CMakeFiles/Shooter.dir/Core/Src/adc.c.obj
 .debug_macro   0x00000fdb      0x103 CMakeFiles/Shooter.dir/Core/Src/adc.c.obj
 .debug_macro   0x000010de       0x6a CMakeFiles/Shooter.dir/Core/Src/adc.c.obj
 .debug_macro   0x00001148      0x1df CMakeFiles/Shooter.dir/Core/Src/adc.c.obj
 .debug_macro   0x00001327       0x1c CMakeFiles/Shooter.dir/Core/Src/adc.c.obj
 .debug_macro   0x00001343       0x22 CMakeFiles/Shooter.dir/Core/Src/adc.c.obj
 .debug_macro   0x00001365       0xbd CMakeFiles/Shooter.dir/Core/Src/adc.c.obj
 .debug_macro   0x00001422      0xd23 CMakeFiles/Shooter.dir/Core/Src/adc.c.obj
 .debug_macro   0x00002145     0xfd8c CMakeFiles/Shooter.dir/Core/Src/adc.c.obj
 .debug_macro   0x00011ed1       0x6d CMakeFiles/Shooter.dir/Core/Src/adc.c.obj
 .debug_macro   0x00011f3e     0x348d CMakeFiles/Shooter.dir/Core/Src/adc.c.obj
 .debug_macro   0x000153cb      0x174 CMakeFiles/Shooter.dir/Core/Src/adc.c.obj
 .debug_macro   0x0001553f       0x5c CMakeFiles/Shooter.dir/Core/Src/adc.c.obj
 .debug_macro   0x0001559b      0x5bc CMakeFiles/Shooter.dir/Core/Src/adc.c.obj
 .debug_macro   0x00015b57      0x4d5 CMakeFiles/Shooter.dir/Core/Src/adc.c.obj
 .debug_macro   0x0001602c      0x1cb CMakeFiles/Shooter.dir/Core/Src/adc.c.obj
 .debug_macro   0x000161f7      0x114 CMakeFiles/Shooter.dir/Core/Src/adc.c.obj
 .debug_macro   0x0001630b      0x1ea CMakeFiles/Shooter.dir/Core/Src/adc.c.obj
 .debug_macro   0x000164f5       0x27 CMakeFiles/Shooter.dir/Core/Src/adc.c.obj
 .debug_macro   0x0001651c      0x144 CMakeFiles/Shooter.dir/Core/Src/adc.c.obj
 .debug_macro   0x00016660      0x1bc CMakeFiles/Shooter.dir/Core/Src/adc.c.obj
 .debug_macro   0x0001681c       0x30 CMakeFiles/Shooter.dir/Core/Src/adc.c.obj
 .debug_macro   0x0001684c       0x3c CMakeFiles/Shooter.dir/Core/Src/adc.c.obj
 .debug_macro   0x00016888      0x408 CMakeFiles/Shooter.dir/Core/Src/adc.c.obj
 .debug_macro   0x00016c90       0x57 CMakeFiles/Shooter.dir/Core/Src/adc.c.obj
 .debug_macro   0x00016ce7      0x46a CMakeFiles/Shooter.dir/Core/Src/adc.c.obj
 .debug_macro   0x00017151      0x25d CMakeFiles/Shooter.dir/Core/Src/adc.c.obj
 .debug_macro   0x000173ae       0x87 CMakeFiles/Shooter.dir/Core/Src/adc.c.obj
 .debug_macro   0x00017435      0x24f CMakeFiles/Shooter.dir/Core/Src/adc.c.obj
 .debug_macro   0x00017684      0x287 CMakeFiles/Shooter.dir/Core/Src/adc.c.obj
 .debug_macro   0x0001790b      0x140 CMakeFiles/Shooter.dir/Core/Src/adc.c.obj
 .debug_macro   0x00017a4b      0x217 CMakeFiles/Shooter.dir/Core/Src/adc.c.obj
 .debug_macro   0x00017c62      0x8ed CMakeFiles/Shooter.dir/Core/Src/adc.c.obj
 .debug_macro   0x0001854f       0xb5 CMakeFiles/Shooter.dir/Core/Src/adc.c.obj
 .debug_macro   0x00018604       0x34 CMakeFiles/Shooter.dir/Core/Src/adc.c.obj
 .debug_macro   0x00018638      0x1e4 CMakeFiles/Shooter.dir/Core/Src/can.c.obj
 .debug_macro   0x0001881c      0x1e4 CMakeFiles/Shooter.dir/Core/Src/gpio.c.obj
 .debug_macro   0x00018a00      0x1e4 CMakeFiles/Shooter.dir/Core/Src/i2c.c.obj
 .debug_macro   0x00018be4      0x21a CMakeFiles/Shooter.dir/Core/Src/main.c.obj
 .debug_macro   0x00018dfe      0x1e4 CMakeFiles/Shooter.dir/Core/Src/spi.c.obj
 .debug_macro   0x00018fe2      0x1da CMakeFiles/Shooter.dir/Core/Src/stm32f1xx_hal_msp.c.obj
 .debug_macro   0x000191bc      0x1e4 CMakeFiles/Shooter.dir/Core/Src/stm32f1xx_it.c.obj
 .debug_macro   0x000193a0      0x1cb CMakeFiles/Shooter.dir/Core/Src/system_stm32f1xx.c.obj
 .debug_macro   0x0001956b      0x1e4 CMakeFiles/Shooter.dir/Core/Src/tim.c.obj
 .debug_macro   0x0001974f      0x1ef libdrivers.a(stm32f1xx_hal.c.obj)
 .debug_macro   0x0001993e      0x1e8 libdrivers.a(stm32f1xx_hal_adc.c.obj)
 .debug_macro   0x00019b26      0x1d3 libdrivers.a(stm32f1xx_hal_can.c.obj)
 .debug_macro   0x00019cf9      0x1cb libdrivers.a(stm32f1xx_hal_cortex.c.obj)
 .debug_macro   0x00019ec4      0x236 libdrivers.a(stm32f1xx_hal_gpio.c.obj)
 .debug_macro   0x0001a0fa      0x219 libdrivers.a(stm32f1xx_hal_i2c.c.obj)
 .debug_macro   0x0001a313      0x1dd libdrivers.a(stm32f1xx_hal_rcc.c.obj)
 .debug_macro   0x0001a4f0      0x1cb libdrivers.a(stm32f1xx_hal_rcc_ex.c.obj)
 .debug_macro   0x0001a6bb      0x1d3 libdrivers.a(stm32f1xx_hal_spi.c.obj)
 .debug_macro   0x0001a88e      0x1cc libdrivers.a(stm32f1xx_hal_tim.c.obj)
 .debug_macro   0x0001aa5a      0x1cb libdrivers.a(stm32f1xx_hal_tim_ex.c.obj)

.debug_line     0x00000000    0x16c46
 .debug_line    0x00000000      0x725 CMakeFiles/Shooter.dir/Core/Src/adc.c.obj
 .debug_line    0x00000725      0x6c7 CMakeFiles/Shooter.dir/Core/Src/can.c.obj
 .debug_line    0x00000dec      0x681 CMakeFiles/Shooter.dir/Core/Src/gpio.c.obj
 .debug_line    0x0000146d      0x6b3 CMakeFiles/Shooter.dir/Core/Src/i2c.c.obj
 .debug_line    0x00001b20      0x71e CMakeFiles/Shooter.dir/Core/Src/main.c.obj
 .debug_line    0x0000223e      0x6c5 CMakeFiles/Shooter.dir/Core/Src/spi.c.obj
 .debug_line    0x00002903      0x64e CMakeFiles/Shooter.dir/Core/Src/stm32f1xx_hal_msp.c.obj
 .debug_line    0x00002f51      0x758 CMakeFiles/Shooter.dir/Core/Src/stm32f1xx_it.c.obj
 .debug_line    0x000036a9      0x6cc CMakeFiles/Shooter.dir/Core/Src/system_stm32f1xx.c.obj
 .debug_line    0x00003d75      0x6bb CMakeFiles/Shooter.dir/Core/Src/tim.c.obj
 .debug_line    0x00004430       0xa3 CMakeFiles/Shooter.dir/startup_stm32f103xe.s.obj
 .debug_line    0x000044d3      0x90d libdrivers.a(stm32f1xx_hal.c.obj)
 .debug_line    0x00004de0     0x12d2 libdrivers.a(stm32f1xx_hal_adc.c.obj)
 .debug_line    0x000060b2     0x12ba libdrivers.a(stm32f1xx_hal_can.c.obj)
 .debug_line    0x0000736c      0xb6e libdrivers.a(stm32f1xx_hal_cortex.c.obj)
 .debug_line    0x00007eda      0xb55 libdrivers.a(stm32f1xx_hal_gpio.c.obj)
 .debug_line    0x00008a2f     0x3c9b libdrivers.a(stm32f1xx_hal_i2c.c.obj)
 .debug_line    0x0000c6ca      0xeda libdrivers.a(stm32f1xx_hal_rcc.c.obj)
 .debug_line    0x0000d5a4      0x8c9 libdrivers.a(stm32f1xx_hal_rcc_ex.c.obj)
 .debug_line    0x0000de6d     0x1cfa libdrivers.a(stm32f1xx_hal_spi.c.obj)
 .debug_line    0x0000fb67     0x5280 libdrivers.a(stm32f1xx_hal_tim.c.obj)
 .debug_line    0x00014de7     0x1e5f libdrivers.a(stm32f1xx_hal_tim_ex.c.obj)

.debug_str      0x00000000    0x9ec9a
 .debug_str     0x00000000    0x99e82 CMakeFiles/Shooter.dir/Core/Src/adc.c.obj
                              0x9a2ed (size before relaxing)
 .debug_str     0x00099e82      0x5b8 CMakeFiles/Shooter.dir/Core/Src/can.c.obj
                              0x9a5ee (size before relaxing)
 .debug_str     0x0009a43a       0x73 CMakeFiles/Shooter.dir/Core/Src/gpio.c.obj
                              0x99f68 (size before relaxing)
 .debug_str     0x0009a4ad      0x2c5 CMakeFiles/Shooter.dir/Core/Src/i2c.c.obj
                              0x9a405 (size before relaxing)
 .debug_str     0x0009a772      0x243 CMakeFiles/Shooter.dir/Core/Src/main.c.obj
                              0x9a100 (size before relaxing)
 .debug_str     0x0009a9b5      0x22c CMakeFiles/Shooter.dir/Core/Src/spi.c.obj
                              0x9a362 (size before relaxing)
 .debug_str     0x0009abe1       0x7b CMakeFiles/Shooter.dir/Core/Src/stm32f1xx_hal_msp.c.obj
                              0x99f1e (size before relaxing)
 .debug_str     0x0009ac5c      0x367 CMakeFiles/Shooter.dir/Core/Src/stm32f1xx_it.c.obj
                              0x9a6ac (size before relaxing)
 .debug_str     0x0009afc3       0xa9 CMakeFiles/Shooter.dir/Core/Src/system_stm32f1xx.c.obj
                              0x99ea1 (size before relaxing)
 .debug_str     0x0009b06c      0x122 CMakeFiles/Shooter.dir/Core/Src/tim.c.obj
                              0x9a86b (size before relaxing)
 .debug_str     0x0009b18e       0x52 CMakeFiles/Shooter.dir/startup_stm32f103xe.s.obj
                                 0x8c (size before relaxing)
 .debug_str     0x0009b1e0      0x3a6 libdrivers.a(stm32f1xx_hal.c.obj)
                              0x9a67b (size before relaxing)
 .debug_str     0x0009b586      0x38e libdrivers.a(stm32f1xx_hal_adc.c.obj)
                              0x9a51c (size before relaxing)
 .debug_str     0x0009b914      0x598 libdrivers.a(stm32f1xx_hal_can.c.obj)
                              0x9a695 (size before relaxing)
 .debug_str     0x0009beac      0x30d libdrivers.a(stm32f1xx_hal_cortex.c.obj)
                              0x9a604 (size before relaxing)
 .debug_str     0x0009c1b9      0x34f libdrivers.a(stm32f1xx_hal_gpio.c.obj)
                              0x9a239 (size before relaxing)
 .debug_str     0x0009c508      0xbc4 libdrivers.a(stm32f1xx_hal_i2c.c.obj)
                              0x9af14 (size before relaxing)
 .debug_str     0x0009d0cc      0x26f libdrivers.a(stm32f1xx_hal_rcc.c.obj)
                              0x9a2a9 (size before relaxing)
 .debug_str     0x0009d33b       0xe4 libdrivers.a(stm32f1xx_hal_rcc_ex.c.obj)
                              0x9a025 (size before relaxing)
 .debug_str     0x0009d41f      0x554 libdrivers.a(stm32f1xx_hal_spi.c.obj)
                              0x9a797 (size before relaxing)
 .debug_str     0x0009d973      0xe0e libdrivers.a(stm32f1xx_hal_tim.c.obj)
                              0x9b24b (size before relaxing)
 .debug_str     0x0009e781      0x519 libdrivers.a(stm32f1xx_hal_tim_ex.c.obj)
                              0x9a9fc (size before relaxing)

.comment        0x00000000       0x49
 .comment       0x00000000       0x49 CMakeFiles/Shooter.dir/Core/Src/adc.c.obj
                                 0x4a (size before relaxing)
 .comment       0x00000049       0x4a CMakeFiles/Shooter.dir/Core/Src/can.c.obj
 .comment       0x00000049       0x4a CMakeFiles/Shooter.dir/Core/Src/gpio.c.obj
 .comment       0x00000049       0x4a CMakeFiles/Shooter.dir/Core/Src/i2c.c.obj
 .comment       0x00000049       0x4a CMakeFiles/Shooter.dir/Core/Src/main.c.obj
 .comment       0x00000049       0x4a CMakeFiles/Shooter.dir/Core/Src/spi.c.obj
 .comment       0x00000049       0x4a CMakeFiles/Shooter.dir/Core/Src/stm32f1xx_hal_msp.c.obj
 .comment       0x00000049       0x4a CMakeFiles/Shooter.dir/Core/Src/stm32f1xx_it.c.obj
 .comment       0x00000049       0x4a CMakeFiles/Shooter.dir/Core/Src/system_stm32f1xx.c.obj
 .comment       0x00000049       0x4a CMakeFiles/Shooter.dir/Core/Src/tim.c.obj
 .comment       0x00000049       0x4a libdrivers.a(stm32f1xx_hal.c.obj)
 .comment       0x00000049       0x4a libdrivers.a(stm32f1xx_hal_adc.c.obj)
 .comment       0x00000049       0x4a libdrivers.a(stm32f1xx_hal_can.c.obj)
 .comment       0x00000049       0x4a libdrivers.a(stm32f1xx_hal_cortex.c.obj)
 .comment       0x00000049       0x4a libdrivers.a(stm32f1xx_hal_gpio.c.obj)
 .comment       0x00000049       0x4a libdrivers.a(stm32f1xx_hal_i2c.c.obj)
 .comment       0x00000049       0x4a libdrivers.a(stm32f1xx_hal_rcc.c.obj)
 .comment       0x00000049       0x4a libdrivers.a(stm32f1xx_hal_rcc_ex.c.obj)
 .comment       0x00000049       0x4a libdrivers.a(stm32f1xx_hal_spi.c.obj)
 .comment       0x00000049       0x4a libdrivers.a(stm32f1xx_hal_tim.c.obj)
 .comment       0x00000049       0x4a libdrivers.a(stm32f1xx_hal_tim_ex.c.obj)

.debug_frame    0x00000000     0x46b4
 .debug_frame   0x00000000       0xa0 CMakeFiles/Shooter.dir/Core/Src/adc.c.obj
 .debug_frame   0x000000a0       0x74 CMakeFiles/Shooter.dir/Core/Src/can.c.obj
 .debug_frame   0x00000114       0x34 CMakeFiles/Shooter.dir/Core/Src/gpio.c.obj
 .debug_frame   0x00000148       0x74 CMakeFiles/Shooter.dir/Core/Src/i2c.c.obj
 .debug_frame   0x000001bc       0x90 CMakeFiles/Shooter.dir/Core/Src/main.c.obj
 .debug_frame   0x0000024c       0x74 CMakeFiles/Shooter.dir/Core/Src/spi.c.obj
 .debug_frame   0x000002c0       0x38 CMakeFiles/Shooter.dir/Core/Src/stm32f1xx_hal_msp.c.obj
 .debug_frame   0x000002f8      0x158 CMakeFiles/Shooter.dir/Core/Src/stm32f1xx_it.c.obj
 .debug_frame   0x00000450       0x58 CMakeFiles/Shooter.dir/Core/Src/system_stm32f1xx.c.obj
 .debug_frame   0x000004a8       0x7c CMakeFiles/Shooter.dir/Core/Src/tim.c.obj
 .debug_frame   0x00000524      0x334 libdrivers.a(stm32f1xx_hal.c.obj)
 .debug_frame   0x00000858      0x408 libdrivers.a(stm32f1xx_hal_adc.c.obj)
 .debug_frame   0x00000c60      0x58c libdrivers.a(stm32f1xx_hal_can.c.obj)
 .debug_frame   0x000011ec      0x424 libdrivers.a(stm32f1xx_hal_cortex.c.obj)
 .debug_frame   0x00001610      0x138 libdrivers.a(stm32f1xx_hal_gpio.c.obj)
 .debug_frame   0x00001748      0xc70 libdrivers.a(stm32f1xx_hal_i2c.c.obj)
 .debug_frame   0x000023b8      0x214 libdrivers.a(stm32f1xx_hal_rcc.c.obj)
 .debug_frame   0x000025cc       0x84 libdrivers.a(stm32f1xx_hal_rcc_ex.c.obj)
 .debug_frame   0x00002650      0x824 libdrivers.a(stm32f1xx_hal_spi.c.obj)
 .debug_frame   0x00002e74     0x11d0 libdrivers.a(stm32f1xx_hal_tim.c.obj)
 .debug_frame   0x00004044      0x624 libdrivers.a(stm32f1xx_hal_tim_ex.c.obj)
 .debug_frame   0x00004668       0x2c d:/environment/gnu arm embedded toolchain/10 2021.10/bin/../lib/gcc/arm-none-eabi/10.3.1/../../../../arm-none-eabi/lib/thumb/v7-m/nofp\libc_nano.a(lib_a-init.o)
 .debug_frame   0x00004694       0x20 d:/environment/gnu arm embedded toolchain/10 2021.10/bin/../lib/gcc/arm-none-eabi/10.3.1/../../../../arm-none-eabi/lib/thumb/v7-m/nofp\libc_nano.a(lib_a-memset.o)
